// Jest Snapshot v1, https://goo.gl/fbAQLP

exports[`PinoHttpLoggerOptionsBuilder must build options with defaults 1`] = `
{
  "autoLogging": {
    "ignore": [Function],
  },
  "customProps": [Function],
  "logger": undefined,
  "wrapSerializers": false,
}
`;

exports[`PinoHttpLoggerOptionsBuilder must build options without defaults 1`] = `
{
  "autoLogging": {
    "ignore": [Function],
  },
  "customProps": [Function],
  "logger": undefined,
  "wrapSerializers": false,
}
`;
